Analysis & Synthesis report for mPDP8E
Mon Mar  9 18:56:21 2026
Quartus Prime Version 20.1.1 Build 720 11/11/2020 SJ Lite Edition


---------------------
; Table of Contents ;
---------------------
  1. Legal Notice
  2. Analysis & Synthesis Summary
  3. Analysis & Synthesis Settings
  4. Parallel Compilation
  5. Analysis & Synthesis Messages
  6. Analysis & Synthesis Suppressed Messages



----------------
; Legal Notice ;
----------------
Copyright (C) 2020  Intel Corporation. All rights reserved.
Your use of Intel Corporation's design tools, logic functions 
and other software and tools, and any partner logic 
functions, and any output files from any of the foregoing 
(including device programming or simulation files), and any 
associated documentation or information are expressly subject 
to the terms and conditions of the Intel Program License 
Subscription Agreement, the Intel Quartus Prime License Agreement,
the Intel FPGA IP License Agreement, or other applicable license
agreement, including, without limitation, that your use is for
the sole purpose of programming logic devices manufactured by
Intel and sold by Intel or its authorized distributors.  Please
refer to the applicable agreement for further details, at
https://fpgasoftware.intel.com/eula.



+----------------------------------------------------------------------------------+
; Analysis & Synthesis Summary                                                     ;
+------------------------------------+---------------------------------------------+
; Analysis & Synthesis Status        ; Failed - Mon Mar  9 18:56:21 2026           ;
; Quartus Prime Version              ; 20.1.1 Build 720 11/11/2020 SJ Lite Edition ;
; Revision Name                      ; mPDP8E                                      ;
; Top-level Entity Name              ; PDP8e                                       ;
; Family                             ; MAX 10                                      ;
; Total logic elements               ; N/A until Partition Merge                   ;
;     Total combinational functions  ; N/A until Partition Merge                   ;
;     Dedicated logic registers      ; N/A until Partition Merge                   ;
; Total registers                    ; N/A until Partition Merge                   ;
; Total pins                         ; N/A until Partition Merge                   ;
; Total virtual pins                 ; N/A until Partition Merge                   ;
; Total memory bits                  ; N/A until Partition Merge                   ;
; Embedded Multiplier 9-bit elements ; N/A until Partition Merge                   ;
; Total PLLs                         ; N/A until Partition Merge                   ;
; UFM blocks                         ; N/A until Partition Merge                   ;
; ADC blocks                         ; N/A until Partition Merge                   ;
+------------------------------------+---------------------------------------------+


+------------------------------------------------------------------------------------------------------------+
; Analysis & Synthesis Settings                                                                              ;
+------------------------------------------------------------------+--------------------+--------------------+
; Option                                                           ; Setting            ; Default Value      ;
+------------------------------------------------------------------+--------------------+--------------------+
; Device                                                           ; 10M08DAF484C8G     ;                    ;
; Top-level entity name                                            ; PDP8e              ; mPDP8E             ;
; Family name                                                      ; MAX 10             ; Cyclone V          ;
; Verilog Show LMF Mapping Messages                                ; Off                ;                    ;
; Verilog Version                                                  ; SystemVerilog_2005 ; Verilog_2001       ;
; Use smart compilation                                            ; Off                ; Off                ;
; Enable parallel Assembler and Timing Analyzer during compilation ; On                 ; On                 ;
; Enable compact report table                                      ; Off                ; Off                ;
; Restructure Multiplexers                                         ; Auto               ; Auto               ;
; Create Debugging Nodes for IP Cores                              ; Off                ; Off                ;
; Preserve fewer node names                                        ; On                 ; On                 ;
; Intel FPGA IP Evaluation Mode                                    ; Enable             ; Enable             ;
; VHDL Version                                                     ; VHDL_1993          ; VHDL_1993          ;
; State Machine Processing                                         ; Auto               ; Auto               ;
; Safe State Machine                                               ; Off                ; Off                ;
; Extract Verilog State Machines                                   ; On                 ; On                 ;
; Extract VHDL State Machines                                      ; On                 ; On                 ;
; Ignore Verilog initial constructs                                ; Off                ; Off                ;
; Iteration limit for constant Verilog loops                       ; 5000               ; 5000               ;
; Iteration limit for non-constant Verilog loops                   ; 250                ; 250                ;
; Add Pass-Through Logic to Inferred RAMs                          ; On                 ; On                 ;
; Infer RAMs from Raw Logic                                        ; On                 ; On                 ;
; Parallel Synthesis                                               ; On                 ; On                 ;
; DSP Block Balancing                                              ; Auto               ; Auto               ;
; NOT Gate Push-Back                                               ; On                 ; On                 ;
; Power-Up Don't Care                                              ; On                 ; On                 ;
; Remove Redundant Logic Cells                                     ; Off                ; Off                ;
; Remove Duplicate Registers                                       ; On                 ; On                 ;
; Ignore CARRY Buffers                                             ; Off                ; Off                ;
; Ignore CASCADE Buffers                                           ; Off                ; Off                ;
; Ignore GLOBAL Buffers                                            ; Off                ; Off                ;
; Ignore ROW GLOBAL Buffers                                        ; Off                ; Off                ;
; Ignore LCELL Buffers                                             ; Off                ; Off                ;
; Ignore SOFT Buffers                                              ; On                 ; On                 ;
; Limit AHDL Integers to 32 Bits                                   ; Off                ; Off                ;
; Optimization Technique                                           ; Balanced           ; Balanced           ;
; Carry Chain Length                                               ; 70                 ; 70                 ;
; Auto Carry Chains                                                ; On                 ; On                 ;
; Auto Open-Drain Pins                                             ; On                 ; On                 ;
; Perform WYSIWYG Primitive Resynthesis                            ; Off                ; Off                ;
; Auto ROM Replacement                                             ; On                 ; On                 ;
; Auto RAM Replacement                                             ; On                 ; On                 ;
; Auto DSP Block Replacement                                       ; On                 ; On                 ;
; Auto Shift Register Replacement                                  ; Auto               ; Auto               ;
; Allow Shift Register Merging across Hierarchies                  ; Auto               ; Auto               ;
; Auto Clock Enable Replacement                                    ; On                 ; On                 ;
; Strict RAM Replacement                                           ; Off                ; Off                ;
; Allow Synchronous Control Signals                                ; On                 ; On                 ;
; Force Use of Synchronous Clear Signals                           ; Off                ; Off                ;
; Auto RAM Block Balancing                                         ; On                 ; On                 ;
; Auto RAM to Logic Cell Conversion                                ; Off                ; Off                ;
; Auto Resource Sharing                                            ; Off                ; Off                ;
; Allow Any RAM Size For Recognition                               ; Off                ; Off                ;
; Allow Any ROM Size For Recognition                               ; Off                ; Off                ;
; Allow Any Shift Register Size For Recognition                    ; Off                ; Off                ;
; Use LogicLock Constraints during Resource Balancing              ; On                 ; On                 ;
; Ignore translate_off and synthesis_off directives                ; Off                ; Off                ;
; Timing-Driven Synthesis                                          ; On                 ; On                 ;
; Report Parameter Settings                                        ; On                 ; On                 ;
; Report Source Assignments                                        ; On                 ; On                 ;
; Report Connectivity Checks                                       ; On                 ; On                 ;
; Ignore Maximum Fan-Out Assignments                               ; Off                ; Off                ;
; Synchronization Register Chain Length                            ; 2                  ; 2                  ;
; Power Optimization During Synthesis                              ; Normal compilation ; Normal compilation ;
; HDL message level                                                ; Level2             ; Level2             ;
; Suppress Register Optimization Related Messages                  ; Off                ; Off                ;
; Number of Removed Registers Reported in Synthesis Report         ; 5000               ; 5000               ;
; Number of Swept Nodes Reported in Synthesis Report               ; 5000               ; 5000               ;
; Number of Inverted Registers Reported in Synthesis Report        ; 100                ; 100                ;
; Clock MUX Protection                                             ; On                 ; On                 ;
; Auto Gated Clock Conversion                                      ; Off                ; Off                ;
; Block Design Naming                                              ; Auto               ; Auto               ;
; SDC constraint protection                                        ; Off                ; Off                ;
; Synthesis Effort                                                 ; Auto               ; Auto               ;
; Shift Register Replacement - Allow Asynchronous Clear Signal     ; On                 ; On                 ;
; Pre-Mapping Resynthesis Optimization                             ; Off                ; Off                ;
; Analysis & Synthesis Message Level                               ; Medium             ; Medium             ;
; Disable Register Merging Across Hierarchies                      ; Auto               ; Auto               ;
; Resource Aware Inference For Block RAM                           ; On                 ; On                 ;
+------------------------------------------------------------------+--------------------+--------------------+


+------------------------------------------+
; Parallel Compilation                     ;
+----------------------------+-------------+
; Processors                 ; Number      ;
+----------------------------+-------------+
; Number detected on machine ; 4           ;
; Maximum allowed            ; 4           ;
;                            ;             ;
; Average used               ; 1.00        ;
; Maximum used               ; 1           ;
;                            ;             ;
; Usage by Processor         ; % Time Used ;
;     Processor 1            ; 100.0%      ;
+----------------------------+-------------+


+-------------------------------+
; Analysis & Synthesis Messages ;
+-------------------------------+
Info: *******************************************************************
Info: Running Quartus Prime Analysis & Synthesis
    Info: Version 20.1.1 Build 720 11/11/2020 SJ Lite Edition
    Info: Processing started: Mon Mar  9 18:55:57 2026
Info: Command: quartus_map --read_settings_files=on --write_settings_files=off mPDP8E -c mPDP8E
Warning (18236): Number of processors has not been specified which may cause overloading on shared machines.  Set the global assignment NUM_PARALLEL_PROCESSORS in your QSF to an appropriate value for best performance.
Info (20030): Parallel compilation is enabled and will use 4 of the 4 processors detected
Info (12021): Found 16 design units, including 14 entities, in source file PDP8e.v
    Info (12022): Found design unit 1: sd_types (SystemVerilog) File: /home/armstrong/Desktop/PDP8e/RK8E/sd_types.svh Line: 51
    Info (12022): Found design unit 2: sdspi_types (SystemVerilog) File: /home/armstrong/Desktop/PDP8e/RK8E/sdspi_types.svh Line: 51
    Info (12023): Found entity 1: imux File: /home/armstrong/Desktop/PDP8e/imux/imux.v Line: 5
    Info (12023): Found entity 2: front_panel File: /home/armstrong/Desktop/PDP8e/front_panel/front_panel.v Line: 1
    Info (12023): Found entity 3: D_mux File: /home/armstrong/Desktop/PDP8e/front_panel/D_mux.v Line: 3
    Info (12023): Found entity 4: rx File: /home/armstrong/Desktop/PDP8e/serial/rx.sv Line: 6
    Info (12023): Found entity 5: tx File: /home/armstrong/Desktop/PDP8e/serial/tx.sv Line: 1
    Info (12023): Found entity 6: serial_top File: /home/armstrong/Desktop/PDP8e/serial/serial_top.sv Line: 7
    Info (12023): Found entity 7: oper2 File: /home/armstrong/Desktop/PDP8e/oper2/oper2.v Line: 2
    Info (12023): Found entity 8: Ac File: /home/armstrong/Desktop/PDP8e/ac/ac.v Line: 2
    Info (12023): Found entity 9: ram File: /home/armstrong/Desktop/PDP8e/ram/ram.v Line: 1
    Info (12023): Found entity 10: ma File: /home/armstrong/Desktop/PDP8e/ma/ma.v Line: 7
    Info (12023): Found entity 11: mem_ext File: /home/armstrong/Desktop/PDP8e/mem_ext/mem_ext.v Line: 4
    Info (12023): Found entity 12: rk8e File: /home/armstrong/Desktop/PDP8e/RK8E/rk8e.sv Line: 19
    Info (12023): Found entity 13: state_machine File: /home/armstrong/Desktop/PDP8e/state_machine/state_machine.v Line: 1
    Info (12023): Found entity 14: PDP8e File: /home/armstrong/Desktop/PDP8e/Max10/PDP8e.v Line: 30
Info (12127): Elaborating entity "PDP8e" for the top level hierarchy
Warning (10034): Output port "led1" at PDP8e.v(31) has no driver File: /home/armstrong/Desktop/PDP8e/Max10/PDP8e.v Line: 31
Warning (10034): Output port "led2" at PDP8e.v(31) has no driver File: /home/armstrong/Desktop/PDP8e/Max10/PDP8e.v Line: 31
Info (12128): Elaborating entity "rk8e" for hierarchy "rk8e:RK8E" File: /home/armstrong/Desktop/PDP8e/Max10/PDP8e.v Line: 176
Warning (10858): Verilog HDL warning at rk8e.sv(82): object spiRXD used but never assigned File: /home/armstrong/Desktop/PDP8e/RK8E/rk8e.sv Line: 82
Warning (10230): Verilog HDL assignment warning at rk8e.sv(150): truncated value with size 32 to match size of target (17) File: /home/armstrong/Desktop/PDP8e/RK8E/rk8e.sv Line: 150
Warning (10230): Verilog HDL assignment warning at rk8e.sv(158): truncated value with size 32 to match size of target (17) File: /home/armstrong/Desktop/PDP8e/RK8E/rk8e.sv Line: 158
Warning (10230): Verilog HDL assignment warning at rk8e.sv(167): truncated value with size 32 to match size of target (10) File: /home/armstrong/Desktop/PDP8e/RK8E/rk8e.sv Line: 167
Warning (10230): Verilog HDL assignment warning at rk8e.sv(171): truncated value with size 32 to match size of target (17) File: /home/armstrong/Desktop/PDP8e/RK8E/rk8e.sv Line: 171
Warning (10030): Net "spiRXD" at rk8e.sv(82) has no driver or initial value, using a default initial value '0' File: /home/armstrong/Desktop/PDP8e/RK8E/rk8e.sv Line: 82
Info (12128): Elaborating entity "ma" for hierarchy "ma:MA" File: /home/armstrong/Desktop/PDP8e/Max10/PDP8e.v Line: 205
Info (12128): Elaborating entity "ram" for hierarchy "ma:MA|ram:ram" File: /home/armstrong/Desktop/PDP8e/ma/ma.v Line: 59
Info (12128): Elaborating entity "state_machine" for hierarchy "state_machine:SM" File: /home/armstrong/Desktop/PDP8e/Max10/PDP8e.v Line: 236
Info (12128): Elaborating entity "Ac" for hierarchy "Ac:AC" File: /home/armstrong/Desktop/PDP8e/Max10/PDP8e.v Line: 252
Info (12128): Elaborating entity "oper2" for hierarchy "oper2:oper21" File: /home/armstrong/Desktop/PDP8e/Max10/PDP8e.v Line: 262
Info (12128): Elaborating entity "serial_top" for hierarchy "serial_top:ST" File: /home/armstrong/Desktop/PDP8e/Max10/PDP8e.v Line: 275
Error (10853): Verilog HDL error at tx.sv(14): argument 1 to $clog2 must be a binary-valued integer or vector File: /home/armstrong/Desktop/PDP8e/serial/tx.sv Line: 14
Error (10560): Verilog HDL Expression error at tx.sv(15): indexed name specifies too many indices for array "tx_term_count" File: /home/armstrong/Desktop/PDP8e/serial/tx.sv Line: 15
Error (10053): Verilog HDL error at tx.sv(15): can't index object "tx_term_count" with zero packed or unpacked array dimensions File: /home/armstrong/Desktop/PDP8e/serial/tx.sv Line: 15
Error (12152): Can't elaborate user hierarchy "serial_top:ST" File: /home/armstrong/Desktop/PDP8e/Max10/PDP8e.v Line: 275
Info (144001): Generated suppressed messages file /home/armstrong/Desktop/PDP8e/Max10/output_files/mPDP8E.map.smsg
Error: Quartus Prime Analysis & Synthesis was unsuccessful. 4 errors, 9 warnings
    Error: Peak virtual memory: 365 megabytes
    Error: Processing ended: Mon Mar  9 18:56:21 2026
    Error: Elapsed time: 00:00:24
    Error: Total CPU time (on all processors): 00:00:57


+------------------------------------------+
; Analysis & Synthesis Suppressed Messages ;
+------------------------------------------+
The suppressed messages can be found in /home/armstrong/Desktop/PDP8e/Max10/output_files/mPDP8E.map.smsg.


